GetVariables=action=new
ContentLength=753
Method=POST
Version=1.1
RequestLocation=/cgi-bin/trac.cgi/attachment/wiki/blah
RequestString=POST /cgi-bin/trac.cgi/attachment/wiki/blah?action=new HTTP/1.1
COUNT_OF_GET_VARS=1
action=new
COUNT_OF_POST_VARS=5
action=new
author=eliot.muir
description=IE attach
id=blah
type=wiki
COUNT_OF_COOKIES=0
COUNT_OF_FILE=1
File[0]
 Name=D:\build\HTTPexample\test_file.txt
 MimeType=text/plain
 Size=24
